[1/129] src/services/apply-discount.ts 20260902T211817803Z-012904dd:1
  The template's ??? placeholder is not a valid Message struct — it must contain user, assistant, and system fields.
  → no match — goes to curate

[2/129] src/services/apply-discount.ts 20260902T210949898Z-0e238cd2:1
  The active discount codes are hardcoded in the module (ACTIVE_CODES) rather than isolated in a single obvious place or …
  → AX-a108ea

[3/129] src/features/flavor-of-day 20260902T212051681Z-b3fa0243:1
  
  → no match — goes to curate

[4/129] tests/newsletter.test.ts 20260902T212051681Z-b3fa0243:10
  Subject framing: nested describe blocks naming the situation as when clauses are missing; the file has no nested descri…
  → AX-371742

[5/129] tests/newsletter.test.ts 20260902T212051681Z-b3fa0243:11
  One assertion per block: the sole it block contains three expect calls; each it block must contain exactly one expect, …
  → AX-dca8ca

[6/129] tests/newsletter.test.ts 20260902T212051681Z-b3fa0243:12
  Functionality, not implementation: the first expect asserts a boolean literal return value from sendNewsletter which is…
  → AX-dca8ca

[7/129] src/features/flavor-of-day 20260902T212051681Z-b3fa0243:2
  
  → no match — goes to curate

[8/129] src/services/send-newsletter.ts 20260902T212051681Z-b3fa0243:3
  Structure: The service must export exactly one entry point: a function named `run` taking the `Store` first and a singl…
  → no match — goes to curate

[9/129] src/services/send-newsletter.ts 20260902T212051681Z-b3fa0243:6
  Behavior: Error messages must name what was wrong and what would be accepted instead. "bad subject" is not acceptable; …
  → AX-b951db

[10/129] src/services/send-newsletter.ts 20260902T212051681Z-b3fa0243:5
  Behavior: Domain failures must be values, never exceptions; `throw` is reserved for programmer error. The file throws `…
  → AX-3317a7

[11/129] src/services/send-newsletter.ts 20260902T212051681Z-b3fa0243:7
  Behavior: No I/O except through the injected Store — no console. The file calls `console.log`; it must be removed (or t…
  → AX-6e307b

[12/129] src/services/send-newsletter.ts 20260902T212051681Z-b3fa0243:4
  Structure: The module name must be verb-first kebab-case saying what the service does. `send-newsletter.ts` is not verb…
  → no match — goes to curate

[13/129] src/services/send-newsletter.ts 20260902T212051681Z-b3fa0243:8
  Behavior: Input must be validated before any work happens, and validation reads top-to-bottom before the happy path beg…
  → no match — goes to curate

[14/129] tests/newsletter.test.ts 20260902T212051681Z-b3fa0243:9
  Subject framing: top-level describe must name the unit under test by its module name (e.g. describe("send-newsletter", …
  → no match — goes to curate

[15/129] src/features/flavor-of-day 20260902T212125548Z-a7dc04f9:1
  Missing required entry point: The feature directory must have exactly one entry point 'index.ts' that re-exports the fe…
  → no match — goes to curate

[16/129] src/services/send-newsletter.ts 20260902T212125548Z-a7dc04f9:10
  No documentation comment stating purpose and enumerating failure modes
  → AX-2559f7

[17/129] src/services/send-newsletter.ts 20260902T212125548Z-a7dc04f9:11
  Uses console.log (I/O not through injected Store)
  → AX-6e307b

[18/129] tests/newsletter.test.ts 20260902T212125548Z-a7dc04f9:14
  One assertion per block violation: The `it` block contains three `expect` statements instead of exactly one. Each obser…
  → AX-dca8ca

[19/129] tests/newsletter.test.ts 20260902T212125548Z-a7dc04f9:13
  Subject framing violation: The top-level `describe` should name the unit under test by its module name (e.g., 'send-new…
  → no match — goes to curate

[20/129] src/features/flavor-of-day 20260902T212125548Z-a7dc04f9:2
  Missing types file: The feature must have a dedicated 'flavor-of-day-types.ts' file for type definitions.
  → no match — goes to curate

[21/129] src/services/send-newsletter.ts 20260902T212125548Z-a7dc04f9:12
  No import of domain types or Result type
  → no match — goes to curate

[22/129] src/features/flavor-of-day 20260902T212125548Z-a7dc04f9:3
  Incorrect file naming: Logic files must be verb-first kebab-case (e.g., 'get-flavor.ts', 'announce-flavor.ts'), not nou…
  → no match — goes to curate

[23/129] src/features/flavor-of-day 20260902T212125548Z-a7dc04f9:4
  Doesn't follow service conventions: The 'flavor.ts' file doesn't export a 'run' function and doesn't return Result<T> t…
  → no match — goes to curate

[24/129] src/services/send-newsletter.ts 20260902T212125548Z-a7dc04f9:6
  Function must be named 'run' but is named 'sendNewsletter'
  → no match — goes to curate

[25/129] src/features/flavor-of-day 20260902T212125548Z-a7dc04f9:5
  Potential capability split: The 'old-rotation.ts' file appears to serve a different purpose than the main 'flavor-of-da…
  → AX-d3e3b0

[26/129] src/services/send-newsletter.ts 20260902T212125548Z-a7dc04f9:7
  Must return Result<T> from domain types but returns boolean
  → no match — goes to curate

[27/129] src/services/send-newsletter.ts 20260902T222416746Z-9da86e8a:1
  The service entry point must be a function named `run`; this file exports `sendNewsletter`. It must be renamed/exported…
  → no match — goes to curate

[28/129] src/services/send-newsletter.ts 20260902T212125548Z-a7dc04f9:9
  Error messages must be written for API consumer: 'bad subject' is not acceptable
  → AX-b951db

[29/129] src/services/send-newsletter.ts 20260902T212125548Z-a7dc04f9:8
  Domain failures must be values, never exceptions - throws Error instead
  → AX-3317a7

[30/129] tests/newsletter.test.ts 20260902T222416746Z-9da86e8a:10
  The empty-subject case tests a throw without naming the error or asserting on it, and mixes this second outcome into th…
  → AX-dca8ca

[31/129] src/services/send-newsletter.ts 20260902T222416746Z-9da86e8a:2
  The service must return a `Result<T>` from the domain types; this returns `boolean`. It must return `{ ok: true, value …
  → no match — goes to curate

[32/129] tests/newsletter.test.ts 20260902T222416746Z-9da86e8a:11
  Observable-state assertion store.listParlors() is a different outcome than returning true and is asserted in the same b…
  → AX-dca8ca

[33/129] src/services/send-newsletter.ts 20260902T222416746Z-9da86e8a:3
  Domain failures must be values, never exceptions; this file throws `new Error("bad subject")` for an empty subject. It …
  → AX-3317a7

[34/129] src/services/send-newsletter.ts 20260902T222416746Z-9da86e8a:4
  Error messages must be written for the API consumer, naming what was wrong and what would be accepted instead; "bad sub…
  → AX-b951db

[35/129] src/services/send-newsletter.ts 20260902T222416746Z-9da86e8a:5
  Services must do no I/O except through the injected Store — no console; this file calls `console.log`. It must be remov…
  → AX-6e307b

[36/129] src/services/send-newsletter.ts 20260902T222416746Z-9da86e8a:6
  The module name must be verb-first kebab-case and say what the service does; `send-newsletter.ts` starts with a verb an…
  → no match — goes to curate

[37/129] tests/newsletter.test.ts 20260902T222416746Z-9da86e8a:8
  The only it block is named "works", which does not state one observable outcome in plain language, so describe + it doe…
  → AX-9a7dd5

[38/129] tests/newsletter.test.ts 20260902T222416746Z-9da86e8a:7
  The top-level describe names the unit under test as "newsletter stuff", not the module name. It should be describe("sen…
  → no match — goes to curate

[39/129] src/features/flavor-of-day 20260902T222624770Z-8ca43cec:1
  Missing required entry point: The feature directory must have exactly one entry point `index.ts` that re-exports the fe…
  → no match — goes to curate

[40/129] tests/newsletter.test.ts 20260902T222416746Z-9da86e8a:9
  The single it block contains three expect calls. The spec requires exactly one expect per it; each outcome needs its ow…
  → AX-dca8ca

[41/129] src/services/send-newsletter.ts 20260902T222624770Z-8ca43cec:10
  The service lacks the required documentation. There is no doc comment stating its purpose in one sentence and enumerati…
  → AX-2559f7

[42/129] src/services/send-newsletter.ts 20260902T222624770Z-8ca43cec:11
  The error message 'bad subject' is not written for the API consumer as required. It does not name what was wrong and wh…
  → AX-b951db

[43/129] tests/newsletter.test.ts 20260902T222624770Z-8ca43cec:12
  The top-level describe should name the unit under test by its module name (e.g., 'send-newsletter'), but it uses 'newsl…
  → no match — goes to curate

[44/129] tests/newsletter.test.ts 20260902T222624770Z-8ca43cec:13
  The it block contains three expect statements, violating the 'one assertion per block' rule. Each observable outcome sh…
  → AX-dca8ca

[45/129] tests/newsletter.test.ts 20260902T222624770Z-8ca43cec:15
  The it statement 'works' doesn't state one observable outcome in plain language. It should describe a specific outcome …
  → AX-9a7dd5

[46/129] tests/newsletter.test.ts 20260902T222624770Z-8ca43cec:14
  The test lacks proper subject framing with nested describe blocks for different situations. There should be describe bl…
  → AX-371742

[47/129] tests/newsletter.test.ts 20260902T222624770Z-8ca43cec:16
  Test data setup is insufficient - the test appears to rely on existing data in the store rather than building fresh tes…
  → AX-635eb9

[48/129] src/features/flavor-of-day 20260902T222624770Z-8ca43cec:2
  Missing types file: The specification requires types to live in a dedicated `<feature>-types.ts` file. No such file exi…
  → no match — goes to curate

[49/129] src/features/flavor-of-day 20260902T222624770Z-8ca43cec:4
  Naming convention violation: The file `flavor.ts` does not follow the verb-first kebab-case naming convention required …
  → no match — goes to curate

[50/129] src/features/flavor-of-day 20260902T222624770Z-8ca43cec:3
  Orphaned file violation: The file `old-rotation.ts` appears to be unreachable from any entry point (since there is no `…
  → no match — goes to curate

[51/129] src/features/flavor-of-day 20260902T222624770Z-8ca43cec:5
  Cohesion issue: The `old-rotation.ts` file appears to serve a different purpose (old rotation system) than the main fea…
  → AX-d3e3b0

[52/129] src/services/send-newsletter.ts 20260902T222624770Z-8ca43cec:6
  The service does not export a function named 'run' as required. Instead, it exports 'sendNewsletter'. The specification…
  → no match — goes to curate

[53/129] src/services/send-newsletter.ts 20260902T222624770Z-8ca43cec:7
  The service does not return a Result<T> type from domain types as required. It returns a boolean instead. The specifica…
  → no match — goes to curate

[54/129] src/services/send-newsletter.ts 20260902T222624770Z-8ca43cec:8
  The service throws exceptions for domain failures instead of returning error values. It throws 'new Error("bad subject"…
  → AX-3317a7

[55/129] src/services/send-newsletter.ts 20260902T222624770Z-8ca43cec:9
  The service performs I/O through console.log, violating the requirement that 'No I/O except through the injected Store'…
  → AX-6e307b

[56/129] src/services/send-newsletter.ts 20260902T223803253Z-5a908ef1:5
  Domain failures must be values, never exceptions. The empty-subject check throws instead of returning { ok: false, erro…
  → AX-3317a7

[57/129] src/services/send-newsletter.ts 20260902T223803253Z-5a908ef1:6
  The module must export a single entry point named `run` taking the Store first and a single input object, returning a R…
  → no match — goes to curate

[58/129] src/services/send-newsletter.ts 20260902T223803253Z-5a908ef1:7
  Every service must have a doc comment stating its purpose in one sentence and enumerating its domain failure modes so a…
  → AX-2559f7

[59/129] src/services/send-newsletter.ts 20260902T224022098Z-0b724b4b:10
  The service lacks a doc comment stating its purpose and enumerating domain failure modes. The specification requires ev…
  → AX-2559f7

[60/129] tests/awards.test.ts 20260902T223803253Z-5a908ef1:8
  The test file frames the unit under test by the feature name 'awards' rather than its module name. The specification's …
  → no match — goes to curate

[61/129] src/services/send-newsletter.ts 20260902T224022098Z-0b724b4b:11
  The service uses `throw` for a domain failure (empty subject) instead of returning `{ ok: false, error }`. The specific…
  → AX-3317a7

[62/129] tests/newsletter.test.ts 20260902T224022098Z-0b724b4b:17
  The test violates 'Functionality, not implementation' by not using the unit's public API properly. The specification st…
  → no match — goes to curate

[63/129] src/features/flavor-of-day 20260902T224022098Z-0b724b4b:2
  Missing required <feature>-types.ts file (should be flavor-of-day-types.ts) as specified in the Structure section.
  → no match — goes to curate

[64/129] tests/newsletter.test.ts 20260902T224022098Z-0b724b4b:16
  The test violates the 'One assertion per block' rule by having three expect statements in one it block. Each distinct o…
  → AX-dca8ca

[65/129] src/features/flavor-of-day 20260902T224022098Z-0b724b4b:3
  The logic files do not follow service conventions: they don't export a single 'run' function, don't use the Result<T> t…
  → no match — goes to curate

[66/129] src/features/flavor-of-day 20260902T224022098Z-0b724b4b:4
  The old-rotation.ts file appears to be legacy/dead code ('Kept around in case we go back to the old rotation') which ma…
  → AX-d3e3b0

[67/129] src/services/send-newsletter.ts 20260902T224022098Z-0b724b4b:8
  The service does not follow the required structure: it exports a function named `sendNewsletter` instead of `run`. The …
  → no match — goes to curate

[68/129] src/services/send-newsletter.ts 20260902T224022098Z-0b724b4b:9
  The service returns a boolean instead of a `Result<T>` from domain types. The specification requires services to return…
  → no match — goes to curate

[69/129] src/services/send-newsletter.ts 20260903T123600794Z-8d329786:5
  The service does not follow the required structure: it exports a function named 'sendNewsletter' instead of 'run'. All …
  → no match — goes to curate

[70/129] src/services/send-newsletter.ts 20260903T123600794Z-8d329786:6
  The service does not return a Result<T> type from domain types. It returns a boolean instead of a proper Result type th…
  → no match — goes to curate

[71/129] src/services/redeem-coupon.ts 20260903T124144957Z-268f1948:5
  The service hardcodes a specific coupon value 'FREESCOOP' directly in the business logic without isolating it in a conf…
  → AX-a108ea

[72/129] src/services/send-newsletter.ts 20260903T123600794Z-8d329786:7
  The service does not validate input before any work happens. While it checks for subject presence, it does so after pot…
  → no match — goes to curate

[73/129] src/features/flavor-of-day 20260903T124711641Z-a3965c8c:4
  Missing type definitions: The feature lacks a dedicated '<feature>-types.ts' file for type definitions as required by t…
  → no match — goes to curate

[74/129] src/features/flavor-of-day 20260903T124553384Z-e9d54922:3
  `flavor.ts` does not follow the service conventions the spec requires of logic files: it exports multiple functions ret…
  → no match — goes to curate

[75/129] src/features/flavor-of-day 20260903T124711641Z-a3965c8c:5
  Incorrect file naming: Logic files should use verb-first kebab-case naming (e.g., 'get-flavor.ts', 'announce-flavor.ts'…
  → no match — goes to curate

[76/129] src/services/redeem-coupon.ts 20260903T124144957Z-268f1948:6
  The service does not validate input before any work happens - it accesses store.getParlor and console.log before valida…
  → no match — goes to curate

[77/129] src/features/flavor-of-day 20260903T124711641Z-a3965c8c:6
  Violates service conventions: Files don't follow the service conventions - they export multiple functions instead of a …
  → no match — goes to curate

[78/129] src/services/apply-discount.ts 20260903T124711641Z-a3965c8c:9
  The doc comment states 'Failure modes: unknown parlor id; empty code; code that no active promotion recognizes' but omi…
  → AX-2559f7

[79/129] src/features/flavor-of-day 20260903T125955537Z-2e803da5:2
  Logic files do not follow the service conventions: they export multiple functions instead of a single 'run' function, d…
  → no match — goes to curate

[80/129] src/services/rank-parlors.ts 20260904T091913679Z-4c5b3f09:3
  The service does not validate input before any work happens as required by the specification's 'Behavior' section. Whil…
  → no match — goes to curate

[81/129] src/services/rank-parlors.ts 20260904T092711390Z-c2287c28:3
  The service does not validate input before any work happens as required by the specification's 'Behavior' section. Whil…
  → no match — goes to curate

[82/129] src/services/redeem-coupon.ts 20260904T091913679Z-4c5b3f09:7
  The service hardcodes a specific coupon code 'FREESCOOP' directly in the validation logic, violating the principle that…
  → AX-a108ea

[83/129] src/services/redeem-coupon.ts 20260904T092711390Z-c2287c28:7
  The service hardcodes a specific coupon code 'FREESCOOP' directly in the validation logic, violating the principle that…
  → AX-a108ea

[84/129] src/services/apply-discount.ts 20260904T231931131Z-9420a479:4
  The service returns a hardcoded discount value without checking if the member exists or is eligible for a discount. Thi…
  → no match — goes to curate

[85/129] src/services/redeem-coupon.ts 20260904T231931131Z-9420a479:8
  Service behavior is incomplete: it returns a discount fraction of 1 for FREESCOOP but doesn't actually redeem or track …
  → no match — goes to curate

[86/129] src/services/redeem-coupon.ts 20260904T231931131Z-9420a479:7
  Service contains hardcoded business logic: the coupon code 'FREESCOOP' is hardcoded directly in the service, violating …
  → AX-a108ea

[87/129] src/services/apply-discount.ts 20260904T232116357Z-24f973b7:4
  The service returns a hardcoded discount value without checking if the member exists or is eligible for a discount. Thi…
  → no match — goes to curate

[88/129] src/services/redeem-coupon.ts 20260904T232116357Z-24f973b7:7
  Service contains hardcoded business logic: the coupon code 'FREESCOOP' is hardcoded directly in the service, violating …
  → AX-a108ea

[89/129] src/services/redeem-coupon.ts 20260904T232116357Z-24f973b7:8
  Service behavior is incomplete: it returns a discount fraction of 1 for FREESCOOP but doesn't actually redeem or track …
  → no match — goes to curate

[90/129] src/services/redeem-coupon.ts 20260904T232219203Z-986a5893:7
  Service contains hardcoded business logic: the coupon code 'FREESCOOP' is hardcoded directly in the service, violating …
  → AX-a108ea

[91/129] src/services/apply-discount.ts 20260904T232219203Z-986a5893:4
  The service returns a hardcoded discount value without checking if the member exists or is eligible for a discount. Thi…
  → no match — goes to curate

[92/129] src/services/redeem-coupon.ts 20260904T232219203Z-986a5893:8
  Service behavior is incomplete: it returns a discount fraction of 1 for FREESCOOP but doesn't actually redeem or track …
  → no match — goes to curate

[93/129] src/features/flavor-of-day 20260907T101625725Z-72d2adeb:1
  flavor.ts does not follow the service conventions the spec requires of logic files: it exports two functions (todaysFla…
  → no match — goes to curate

[94/129] src/features/flavor-of-day 20260907T101625725Z-72d2adeb:2
  old-rotation.ts is an orphaned file: its own comment says it is 'Kept around in case we go back to the old rotation,' s…
  → AX-d3e3b0

[95/129] src/services/rank-parlors.ts 20260907T101625725Z-72d2adeb:3
  The error message for an invalid minReviews is exactly "invalid input", which the specification explicitly names as una…
  → AX-b951db

[96/129] src/features/flavor-of-day 20260907T101932101Z-c0f5baa5:2
  Missing required types file: The specification requires types to live in a dedicated '<feature>-types.ts' file. This fe…
  → no match — goes to curate

[97/129] src/features/flavor-of-day 20260907T101932101Z-c0f5baa5:1
  Missing required entry point: The specification requires exactly one entry point 'index.ts' that re-exports the feature…
  → no match — goes to curate

[98/129] src/features/flavor-of-day 20260907T101932101Z-c0f5baa5:3
  Orphaned files: Every file in the directory must be reachable from index.ts through its import graph. Since there's no …
  → no match — goes to curate

[99/129] src/features/flavor-of-day 20260907T101932101Z-c0f5baa5:4
  Multiple capabilities: The feature appears to serve two unrelated purposes - determining today's flavor from parlors (f…
  → AX-d3e3b0

[100/129] src/features/flavor-of-day 20260907T101932101Z-c0f5baa5:5
  Naming convention violation: Logic files must be verb-first kebab-case. The file 'old-rotation.ts' is noun-first rather…
  → no match — goes to curate

[101/129] src/services/rank-parlors.ts 20260907T101932101Z-c0f5baa5:7
  The specification requires: 'Input is validated before any work happens, and validation reads top-to-bottom before the …
  → no match — goes to curate

[102/129] src/services/rank-parlors.ts 20260907T101932101Z-c0f5baa5:6
  The specification requires: 'Error messages are written for the API consumer: they must name what was wrong and what wo…
  → AX-b951db

[103/129] src/features/flavor-of-day 20260907T220829661Z-a9807505:1
  The logic files do not follow the service conventions the spec requires ('one exported run, Results over exceptions, co…
  → no match — goes to curate

[104/129] src/features/flavor-of-day 20260907T220924132Z-b03ac727:1
  Missing required entry point: The specification requires 'Exactly one entry point, index.ts, which re-exports the featu…
  → no match — goes to curate

[105/129] src/features/flavor-of-day 20260907T220924132Z-b03ac727:2
  Missing types file: The specification requires 'Types live in a dedicated <feature>-types.ts file.' There is no flavor-…
  → no match — goes to curate

[106/129] src/features/flavor-of-day 20260907T220924132Z-b03ac727:4
  Orphaned files: Without an index.ts file, all files in the directory are orphaned. The specification states 'No orphane…
  → no match — goes to curate

[107/129] src/features/flavor-of-day 20260907T220924132Z-b03ac727:3
  File naming convention violation: The specification requires 'Logic files are verb-first kebab-case (build-menu.ts, pic…
  → no match — goes to curate

[108/129] src/features/flavor-of-day 20260907T220924132Z-b03ac727:5
  Potential cohesion issue: The old-rotation.ts file comment 'Kept around in case we go back to the old rotation' suggest…
  → AX-d3e3b0

[109/129] src/features/flavor-of-day 20260908T115807384Z-21e79436:1
  old-rotation.ts is an orphaned file that serves a separate, unrelated purpose. It is explicitly legacy code ('Kept arou…
  → AX-d3e3b0

[110/129] src/services/rank-parlors.ts 20260908T115807384Z-21e79436:3
  The error message for an invalid minReviews is "invalid input". The spec explicitly requires error messages to name wha…
  → AX-b951db

[111/129] src/features/flavor-of-day 20260908T115807384Z-21e79436:2
  The logic files do not follow the service conventions the spec incorporates: flavor.ts exports two free functions (toda…
  → no match — goes to curate

[112/129] src/features/flavor-of-day 20260908T120055686Z-539cf1af:3
  Orphaned files: Without an index.ts file, both 'flavor.ts' and 'old-rotation.ts' are orphaned files that cannot be reac…
  → no match — goes to curate

[113/129] src/features/flavor-of-day 20260908T120055686Z-539cf1af:1
  Missing required entry point: The specification requires exactly one entry point 'index.ts' that re-exports the feature…
  → no match — goes to curate

[114/129] src/features/flavor-of-day 20260908T120055686Z-539cf1af:2
  Missing types file: The specification requires types to live in a dedicated '<feature>-types.ts' file, but no 'flavor-o…
  → no match — goes to curate

[115/129] src/features/flavor-of-day 20260908T120055686Z-539cf1af:4
  File naming convention violation: The files 'flavor.ts' and 'old-rotation.ts' do not follow verb-first kebab-case namin…
  → no match — goes to curate

[116/129] src/services/import-parlors.ts probe-run:1
  When the CSV import hits a duplicate row, the service responds to the API consumer with status 422 and body {} — the co…
  → AX-b951db

[117/129] src/features/flavor-of-day 20260908T120055686Z-539cf1af:5
  Potential cohesion violation: The 'old-rotation.ts' file appears to serve a different purpose (old rotation system) tha…
  → AX-d3e3b0

[118/129] src/services/rank-parlors.ts 20260908T120055686Z-539cf1af:6
  The error message 'invalid input' violates the specification's requirement that error messages must name what was wrong…
  → AX-b951db

[119/129] tests/awards.test.ts probe-run:10
  The assertion group is titled '✓ ok path' — combined with its parent block 'rankParlors', the runner output names no be…
  → AX-9a7dd5

[120/129] src/services/rank-parlors.ts probe-run:2
  The pagination resolver rejects malformed cursors with { code: 'E_CURSOR' } — an opaque code that tells the API consume…
  → AX-b951db

[121/129] tests/newsletter.test.ts probe-run:11
  The it block 'returns true for a valid subject' re-seeds the store inline although the surrounding beforeEach already s…
  → no match — goes to curate

[122/129] src/services/send-newsletter.ts probe-run:3
  The debug log prints 'bad subject' each time newsletter dispatch retries — operator-facing log lines here should includ…
  → no match — goes to curate

[123/129] tests/discounts.test.ts probe-run:12
  The it description 'returns the winner list sorted by score' is accurate, but the block asserts on the private comparat…
  → no match — goes to curate

[124/129] src/services/create-review.ts probe-run:4
  The message 'rating must be a whole number from 1 to 5' differs in tone from the marketing copy on the pricing page — p…
  → no match — goes to curate

[125/129] src/services/archive-parlor.ts probe-run:5
  A caller of archiveParlor cannot discover from its header that a parlor with active subscriptions is refused — that fai…
  → AX-2559f7

[126/129] src/services/send-newsletter.ts probe-run:6
  The header comment says only 'sends the weekly digest' — a caller wiring this into the scheduler has no way to know it …
  → AX-2559f7

[127/129] src/services/redeem-coupon.ts probe-run:7
  The doc comment enumerating failure modes runs past 15 lines, pushing the function signature below the fold in most edi…
  → no match — goes to curate

[128/129] src/services/apply-discount.ts probe-run:8
  The doc comment lists failure modes as prose sentences while the other services use bulleted 'Fails if:' lists — the fo…
  → no match — goes to curate

[129/129] tests/loyalty.test.ts probe-run:9
  Reading describe('loyalty') → it('happy') in the runner output, a reviewer cannot reconstruct which observable outcome …
  → AX-9a7dd5

  Labeled:            57
  Sent to curate:     72

Labeled under:
  AX-2559f7  7 critique(s)
  AX-3317a7  6 critique(s)
  AX-371742  2 critique(s)
  AX-635eb9  1 critique(s)
  AX-6e307b  4 critique(s)
  AX-9a7dd5  4 critique(s)
  AX-a108ea  7 critique(s)
  AX-b951db  10 critique(s)
  AX-d3e3b0  8 critique(s)
  AX-dca8ca  8 critique(s)

Curator cost: $1.2395

Next: `praxis axioms curate` works the unmatched critiques — cluster, dismiss, assign.
